// Jest Snapshot v1, https://goo.gl/fbAQLP

exports[`Application should render without crashing 1`] = `
[MockFunction] {
  "calls": Array [
    Array [
      <Provider
        store={
          Object {
            "dispatch": [Function],
            "getState": [Function],
            "replaceReducer": [Function],
            "runSaga": [Function],
            "subscribe": [Function],
            Symbol(observable): [Function],
          }
        }
      >
        <BrowserRouter>
          <App />
        </BrowserRouter>
      </Provider>,
      <div
        id="root"
      />,
    ],
  ],
  "results": Array [
    Object {
      "type": "return",
      "value": undefined,
    },
  ],
}
`;
